components/contact-section.tsx(119,24): error TS7031: Binding element 'currentStep' implicitly has an 'any' type.
components/contact-section.tsx(119,37): error TS7031: Binding element 'totalSteps' implicitly has an 'any' type.
components/contact-section.tsx(149,31): error TS7006: Parameter 'id' implicitly has an 'any' type.
components/contact-section.tsx(185,25): error TS7006: Parameter 'email' implicitly has an 'any' type.
components/contact-section.tsx(204,15): error TS2322: Type '{ hidden: { y: number; opacity: number; filter: string; }; visible: { y: number; opacity: number; filter: string; transition: { type: string; stiffness: number; damping: number; }; }; }' is not assignable to type 'Variants'.
  Property 'visible' is incompatible with index signature.
    Type '{ y: number; opacity: number; filter: string; transition: { type: string; stiffness: number; damping: number; }; }' is not assignable to type 'Variant'.
      Type '{ y: number; opacity: number; filter: string; transition: { type: string; stiffness: number; damping: number; }; }' is not assignable to type 'TargetAndTransition'.
        Type '{ y: number; opacity: number; filter: string; transition: { type: string; stiffness: number; damping: number; }; }' is not assignable to type '{ transition?: Transition<any> | undefined; transitionEnd?: ResolvedValues | undefined; }'.
          Types of property 'transition' are incompatible.
            Type '{ type: string; stiffness: number; damping: number; }' is not assignable to type 'Transition<any> | undefined'.
              Type '{ type: string; stiffness: number; damping: number; }' is not assignable to type 'TransitionWithValueOverrides<any>'.
                Type '{ type: string; stiffness: number; damping: number; }' is not assignable to type 'ValueAnimationTransition<any>'.
                  Types of property 'type' are incompatible.
                    Type 'string' is not assignable to type 'AnimationGeneratorType | undefined'.
components/contact-section.tsx(211,24): error TS2322: Type '{ hidden: { y: number; opacity: number; filter: string; }; visible: { y: number; opacity: number; filter: string; transition: { type: string; stiffness: number; damping: number; }; }; }' is not assignable to type 'Variants'.
  Property 'visible' is incompatible with index signature.
    Type '{ y: number; opacity: number; filter: string; transition: { type: string; stiffness: number; damping: number; }; }' is not assignable to type 'Variant'.
      Type '{ y: number; opacity: number; filter: string; transition: { type: string; stiffness: number; damping: number; }; }' is not assignable to type 'TargetAndTransition'.
        Type '{ y: number; opacity: number; filter: string; transition: { type: string; stiffness: number; damping: number; }; }' is not assignable to type '{ transition?: Transition<any> | undefined; transitionEnd?: ResolvedValues | undefined; }'.
          Types of property 'transition' are incompatible.
            Type '{ type: string; stiffness: number; damping: number; }' is not assignable to type 'Transition<any> | undefined'.
              Type '{ type: string; stiffness: number; damping: number; }' is not assignable to type 'TransitionWithValueOverrides<any>'.
                Type '{ type: string; stiffness: number; damping: number; }' is not assignable to type 'ValueAnimationTransition<any>'.
                  Types of property 'type' are incompatible.
                    Type 'string' is not assignable to type 'AnimationGeneratorType | undefined'.
components/contact-section.tsx(218,23): error TS2322: Type '{ hidden: { y: number; opacity: number; filter: string; }; visible: { y: number; opacity: number; filter: string; transition: { type: string; stiffness: number; damping: number; }; }; }' is not assignable to type 'Variants'.
  Property 'visible' is incompatible with index signature.
    Type '{ y: number; opacity: number; filter: string; transition: { type: string; stiffness: number; damping: number; }; }' is not assignable to type 'Variant'.
      Type '{ y: number; opacity: number; filter: string; transition: { type: string; stiffness: number; damping: number; }; }' is not assignable to type 'TargetAndTransition'.
        Type '{ y: number; opacity: number; filter: string; transition: { type: string; stiffness: number; damping: number; }; }' is not assignable to type '{ transition?: Transition<any> | undefined; transitionEnd?: ResolvedValues | undefined; }'.
          Types of property 'transition' are incompatible.
            Type '{ type: string; stiffness: number; damping: number; }' is not assignable to type 'Transition<any> | undefined'.
              Type '{ type: string; stiffness: number; damping: number; }' is not assignable to type 'TransitionWithValueOverrides<any>'.
                Type '{ type: string; stiffness: number; damping: number; }' is not assignable to type 'ValueAnimationTransition<any>'.
                  Types of property 'type' are incompatible.
                    Type 'string' is not assignable to type 'AnimationGeneratorType | undefined'.
components/contact-section.tsx(223,23): error TS2322: Type '{ hidden: { y: number; opacity: number; filter: string; }; visible: { y: number; opacity: number; filter: string; transition: { type: string; stiffness: number; damping: number; }; }; }' is not assignable to type 'Variants'.
  Property 'visible' is incompatible with index signature.
    Type '{ y: number; opacity: number; filter: string; transition: { type: string; stiffness: number; damping: number; }; }' is not assignable to type 'Variant'.
      Type '{ y: number; opacity: number; filter: string; transition: { type: string; stiffness: number; damping: number; }; }' is not assignable to type 'TargetAndTransition'.
        Type '{ y: number; opacity: number; filter: string; transition: { type: string; stiffness: number; damping: number; }; }' is not assignable to type '{ transition?: Transition<any> | undefined; transitionEnd?: ResolvedValues | undefined; }'.
          Types of property 'transition' are incompatible.
            Type '{ type: string; stiffness: number; damping: number; }' is not assignable to type 'Transition<any> | undefined'.
              Type '{ type: string; stiffness: number; damping: number; }' is not assignable to type 'TransitionWithValueOverrides<any>'.
                Type '{ type: string; stiffness: number; damping: number; }' is not assignable to type 'ValueAnimationTransition<any>'.
                  Types of property 'type' are incompatible.
                    Type 'string' is not assignable to type 'AnimationGeneratorType | undefined'.
components/contact-section.tsx(238,23): error TS2322: Type '{ hidden: { y: number; opacity: number; filter: string; }; visible: { y: number; opacity: number; filter: string; transition: { type: string; stiffness: number; damping: number; }; }; }' is not assignable to type 'Variants'.
  Property 'visible' is incompatible with index signature.
    Type '{ y: number; opacity: number; filter: string; transition: { type: string; stiffness: number; damping: number; }; }' is not assignable to type 'Variant'.
      Type '{ y: number; opacity: number; filter: string; transition: { type: string; stiffness: number; damping: number; }; }' is not assignable to type 'TargetAndTransition'.
        Type '{ y: number; opacity: number; filter: string; transition: { type: string; stiffness: number; damping: number; }; }' is not assignable to type '{ transition?: Transition<any> | undefined; transitionEnd?: ResolvedValues | undefined; }'.
          Types of property 'transition' are incompatible.
            Type '{ type: string; stiffness: number; damping: number; }' is not assignable to type 'Transition<any> | undefined'.
              Type '{ type: string; stiffness: number; damping: number; }' is not assignable to type 'TransitionWithValueOverrides<any>'.
                Type '{ type: string; stiffness: number; damping: number; }' is not assignable to type 'ValueAnimationTransition<any>'.
                  Types of property 'type' are incompatible.
                    Type 'string' is not assignable to type 'AnimationGeneratorType | undefined'.
components/contact-section.tsx(251,11): error TS2322: Type '{ hidden: { opacity: number; x: number; rotateY: number; scale: number; }; visible: { opacity: number; x: number; rotateY: number; scale: number; transition: { type: string; stiffness: number; damping: number; delay: number; }; }; }' is not assignable to type 'Variants'.
  Property 'visible' is incompatible with index signature.
    Type '{ opacity: number; x: number; rotateY: number; scale: number; transition: { type: string; stiffness: number; damping: number; delay: number; }; }' is not assignable to type 'Variant'.
      Type '{ opacity: number; x: number; rotateY: number; scale: number; transition: { type: string; stiffness: number; damping: number; delay: number; }; }' is not assignable to type 'TargetAndTransition'.
        Type '{ opacity: number; x: number; rotateY: number; scale: number; transition: { type: string; stiffness: number; damping: number; delay: number; }; }' is not assignable to type '{ transition?: Transition<any> | undefined; transitionEnd?: ResolvedValues | undefined; }'.
          Types of property 'transition' are incompatible.
            Type '{ type: string; stiffness: number; damping: number; delay: number; }' is not assignable to type 'Transition<any> | undefined'.
              Type '{ type: string; stiffness: number; damping: number; delay: number; }' is not assignable to type 'TransitionWithValueOverrides<any>'.
                Type '{ type: string; stiffness: number; damping: number; delay: number; }' is not assignable to type 'ValueAnimationTransition<any>'.
                  Types of property 'type' are incompatible.
                    Type 'string' is not assignable to type 'AnimationGeneratorType | undefined'.
components/dotted-surface.tsx(5,24): error TS7016: Could not find a declaration file for module 'three'. 'D:/Agency/agency/node_modules/three/build/three.module.js' implicitly has an 'any' type.
  Try `npm i --save-dev @types/three` if it exists or add a new declaration (.d.ts) file containing `declare module 'three';`
components/page-not-found.tsx(236,24): error TS2554: Expected 1 arguments, but got 0.
components/ui/glow-effect.tsx(142,7): error TS2322: Type '{ background: string[]; transition: { isSync?: boolean | undefined; delay?: number | undefined; elapsed?: number | undefined; driver?: Driver | undefined; type?: AnimationGeneratorType | undefined; ... 32 more ...; onStop?: (() => void) | undefined; } | { ...; }; } | ... 4 more ... | { ...; }' is not assignable to type 'boolean | TargetAndTransition | VariantLabels | LegacyAnimationControls | undefined'.
  Type '{ background: string[]; transition: { isSync?: boolean; delay?: number; elapsed?: number; driver?: Driver; type?: AnimationGeneratorType; ... 32 more ...; onStop?: () => void; } | { ...; }; }' is not assignable to type 'boolean | TargetAndTransition | VariantLabels | LegacyAnimationControls | undefined'.
    Type '{ background: string[]; transition: { isSync?: boolean; delay?: number; elapsed?: number; driver?: Driver; type?: AnimationGeneratorType; ... 32 more ...; onStop?: () => void; } | { ...; }; }' is not assignable to type 'TargetAndTransition'.
      Type '{ background: string[]; transition: { isSync?: boolean; delay?: number; elapsed?: number; driver?: Driver; type?: AnimationGeneratorType; ... 32 more ...; onStop?: () => void; } | { ...; }; }' is not assignable to type '{ transition?: Transition<any> | undefined; transitionEnd?: ResolvedValues | undefined; }'.
        Types of property 'transition' are incompatible.
          Type '{ isSync?: boolean | undefined; delay?: number | undefined; elapsed?: number | undefined; driver?: Driver | undefined; type?: AnimationGeneratorType | undefined; ... 32 more ...; onStop?: (() => void) | undefined; } | { ...; }' is not assignable to type 'Transition<any> | undefined'.
            Type '{ repeat: number; duration: number; ease: string; }' is not assignable to type 'Transition<any> | undefined'.
              Type '{ repeat: number; duration: number; ease: string; }' is not assignable to type 'TransitionWithValueOverrides<any>'.
                Type '{ repeat: number; duration: number; ease: string; }' is not assignable to type 'ValueAnimationTransition<any>'.
                  Types of property 'ease' are incompatible.
                    Type 'string' is not assignable to type 'Easing | Easing[] | undefined'.
components/ui/vertical-cut-reveal.tsx(12,10): error TS2724: '"framer-motion"' has no exported member named 'DynamicAnimationOptions'. Did you mean 'AnimationOptions'?
